globalFilter.h:25:7:globalFilterF1	16	static
globalFilter.h:67:7:globalFilterF2	16	static
globalFilter.h:109:7:globalFilterF3	24	static
globalFilter.h:151:7:globalFilterF4	16	static
main.c:86:6:HAL_ADC_ConvHalfCpltCallback	16	static
main.c:90:6:HAL_ADC_ConvCpltCallback	16	static
main.c:96:6:processData	16	static
main.c:138:5:main	8	static
main.c:193:6:SystemClock_Config	88	static
main.c:237:13:MX_ADC1_Init	24	static
main.c:287:13:MX_DAC_Init	16	static
main.c:331:13:MX_TIM2_Init	32	static
main.c:376:13:MX_USART2_UART_Init	8	static
main.c:407:13:MX_DMA_Init	16	static
main.c:425:13:MX_GPIO_Init	56	static
main.c:488:6:Error_Handler	4	static
