globalFilter.h:28:7:globalFilterF1	24	static
globalFilter.h:69:7:globalFilterF2	24	static
main.c:88:6:HAL_ADC_ConvHalfCpltCallback	16	static
main.c:92:6:HAL_ADC_ConvCpltCallback	16	static
main.c:97:6:processData	32	static
main.c:142:5:main	8	static
main.c:197:6:SystemClock_Config	88	static
main.c:241:13:MX_ADC1_Init	24	static
main.c:291:13:MX_DAC_Init	16	static
main.c:335:13:MX_TIM2_Init	32	static
main.c:380:13:MX_USART2_UART_Init	8	static
main.c:411:13:MX_DMA_Init	16	static
main.c:429:13:MX_GPIO_Init	56	static
main.c:492:6:Error_Handler	4	static
